2026-05-10 17:01:07,405 INFO o.a.j.u.JMeterUtils: Setting Locale to en_EN
2026-05-10 17:01:07,418 INFO o.a.j.JMeter: Loading user properties from: E:\apache-jmeter\apache-jmeter-5.5\apache-jmeter-5.5\bin\user.properties
2026-05-10 17:01:07,419 INFO o.a.j.JMeter: Loading system properties from: E:\apache-jmeter\apache-jmeter-5.5\apache-jmeter-5.5\bin\system.properties
2026-05-10 17:01:07,426 INFO o.a.j.JMeter: Copyright (c) 1998-2022 The Apache Software Foundation
2026-05-10 17:01:07,426 INFO o.a.j.JMeter: Version 5.5
2026-05-10 17:01:07,426 INFO o.a.j.JMeter: java.version=17.0.9
2026-05-10 17:01:07,426 INFO o.a.j.JMeter: java.vm.name=Java HotSpot(TM) 64-Bit Server VM
2026-05-10 17:01:07,426 INFO o.a.j.JMeter: os.name=Windows 11
2026-05-10 17:01:07,426 INFO o.a.j.JMeter: os.arch=amd64
2026-05-10 17:01:07,426 INFO o.a.j.JMeter: os.version=10.0
2026-05-10 17:01:07,426 INFO o.a.j.JMeter: file.encoding=GBK
2026-05-10 17:01:07,426 INFO o.a.j.JMeter: java.awt.headless=true
2026-05-10 17:01:07,426 INFO o.a.j.JMeter: Max memory     =1073741824
2026-05-10 17:01:07,426 INFO o.a.j.JMeter: Available Processors =20
2026-05-10 17:01:07,432 INFO o.a.j.JMeter: Default Locale=English (EN)
2026-05-10 17:01:07,432 INFO o.a.j.JMeter: JMeter  Locale=English (EN)
2026-05-10 17:01:07,432 INFO o.a.j.JMeter: JMeterHome=E:\apache-jmeter\apache-jmeter-5.5\apache-jmeter-5.5
2026-05-10 17:01:07,432 INFO o.a.j.JMeter: user.dir  =D:\lxylq-shopSystem
2026-05-10 17:01:07,432 INFO o.a.j.JMeter: PWD       =D:\lxylq-shopSystem
2026-05-10 17:01:07,433 INFO o.a.j.JMeter: IP: 192.168.64.1 Name: Lxyyyyyy27 FullName: Lxyyyyyy27
2026-05-10 17:01:07,437 ERROR o.a.j.JMeter: An error occurred: 
org.apache.jmeter.report.config.ConfigurationException: The file D:\lxylq-shopSystem\your_test.jmx doesn't exist or can't be opened
	at org.apache.jmeter.JMeter.runNonGui(JMeter.java:927) ~[ApacheJMeter_core.jar:5.5]
	at org.apache.jmeter.JMeter.startNonGui(JMeter.java:917) ~[ApacheJMeter_core.jar:5.5]
	at org.apache.jmeter.JMeter.start(JMeter.java:485) ~[ApacheJMeter_core.jar:5.5]
	at jdk.internal.reflect.NativeMethodAccessorImpl.invoke0(Native Method) ~[?:?]
	at jdk.internal.reflect.NativeMethodAccessorImpl.invoke(NativeMethodAccessorImpl.java:77) ~[?:?]
	at jdk.internal.reflect.DelegatingMethodAccessorImpl.invoke(DelegatingMethodAccessorImpl.java:43) ~[?:?]
	at java.lang.reflect.Method.invoke(Method.java:568) ~[?:?]
	at org.apache.jmeter.NewDriver.main(NewDriver.java:259) ~[ApacheJMeter.jar:5.5]
